// Vitest Snapshot v1, https://vitest.dev/guide/snapshot.html

exports[`Snapshot test 1`] = `
{
  "Outputs": {
    "BastionHostBastionHostIdC743CBD6": {
      "Description": "Instance ID of the bastion host. Use this to connect via SSM Session Manager",
      "Value": {
        "Ref": "BastionHost30F9ED05",
      },
    },
  },
  "Parameters": {
    "BootstrapVersion": {
      "Default": "/cdk-bootstrap/hnb659fds/version",
      "Description": "Version of the CDK Bootstrap resources in this environment, automatically retrieved from SSM Parameter Store. [cdk:skip]",
      "Type": "AWS::SSM::Parameter::Value<String>",
    },
    "SsmParameterValueawsserviceamiamazonlinuxlatestal2023amikernel61arm64C96584B6F00A464EAD1953AFF4B05118Parameter": {
      "Default": "/aws/service/ami-amazon-linux-latest/al2023-ami-kernel-6.1-arm64",
      "Type": "AWS::SSM::Parameter::Value<AWS::EC2::Image::Id>",
    },
    "SsmParameterValueawsserviceamiamazonlinuxlatestamzn2amikernel510hvmx8664gp2C96584B6F00A464EAD1953AFF4B05118Parameter": {
      "Default": "/aws/service/ami-amazon-linux-latest/amzn2-ami-kernel-5.10-hvm-x86_64-gp2",
      "Type": "AWS::SSM::Parameter::Value<AWS::EC2::Image::Id>",
    },
  },
  "Resources": {
    "Aurora2CBAB212": {
      "DeletionPolicy": "Delete",
      "Properties": {
        "CopyTagsToSnapshot": true,
        "DBClusterParameterGroupName": {
          "Ref": "Targetauroraparametersgroup8C918D0B",
        },
        "DBSubnetGroupName": {
          "Ref": "AuroraSubnetsC4DF45C9",
        },
        "DatabaseName": "mydb",
        "Engine": "aurora-mysql",
        "EngineVersion": "8.0.mysql_aurora.3.06.0",
        "MasterUserPassword": {
          "Fn::Join": [
            "",
            [
              "{{resolve:secretsmanager:",
              {
                "Ref": "TargetAuroraSecret852055C73fdaad7efa858a3daf9490cf0a702aeb",
              },
              ":SecretString:password::}}",
            ],
          ],
        },
        "MasterUsername": "admin",
        "PreferredMaintenanceWindow": "Sat:17:00-Sat:17:30",
        "VpcSecurityGroupIds": [
          {
            "Fn::GetAtt": [
              "AuroraSecurityGroup3440C66D",
              "GroupId",
            ],
          },
        ],
      },
      "Type": "AWS::RDS::DBCluster",
      "UpdateReplacePolicy": "Delete",
    },
    "AuroraSecretAttachmentEAAB0558": {
      "Properties": {
        "SecretId": {
          "Ref": "TargetAuroraSecret852055C73fdaad7efa858a3daf9490cf0a702aeb",
        },
        "TargetId": {
          "Ref": "Aurora2CBAB212",
        },
        "TargetType": "AWS::RDS::DBCluster",
      },
      "Type": "AWS::SecretsManager::SecretTargetAttachment",
    },
    "AuroraSecurityGroup3440C66D": {
      "Properties": {
        "GroupDescription": "RDS security group",
        "SecurityGroupEgress": [
          {
            "CidrIp": "0.0.0.0/0",
            "Description": "Allow all outbound traffic by default",
            "IpProtocol": "-1",
          },
        ],
        "VpcId": {
          "Ref": "Vpc8378EB38",
        },
      },
      "Type": "AWS::EC2::SecurityGroup",
    },
    "AuroraSecurityGroupfromTargetBastionHostInstanceSecurityGroup57B1C7023306AF6202A9": {
      "Properties": {
        "Description": "from TargetBastionHostInstanceSecurityGroup57B1C702:3306",
        "FromPort": 3306,
        "GroupId": {
          "Fn::GetAtt": [
            "AuroraSecurityGroup3440C66D",
            "GroupId",
          ],
        },
        "IpProtocol": "tcp",
        "SourceSecurityGroupId": {
          "Fn::GetAtt": [
            "BastionHostInstanceSecurityGroupE75D4274",
            "GroupId",
          ],
        },
        "ToPort": 3306,
      },
      "Type": "AWS::EC2::SecurityGroupIngress",
    },
    "AuroraSubnetsC4DF45C9": {
      "Properties": {
        "DBSubnetGroupDescription": "Subnets for Aurora database",
        "SubnetIds": [
          {
            "Ref": "VpcIsolatedSubnet1SubnetE48C5737",
          },
          {
            "Ref": "VpcIsolatedSubnet2Subnet16364B91",
          },
        ],
      },
      "Type": "AWS::RDS::DBSubnetGroup",
    },
    "AurorawriterDC5BC759": {
      "DeletionPolicy": "Delete",
      "DependsOn": [
        "VpcIsolatedSubnet1RouteTableAssociationD300FCBB",
        "VpcIsolatedSubnet2RouteTableAssociationF7B18CCA",
      ],
      "Properties": {
        "DBClusterIdentifier": {
          "Ref": "Aurora2CBAB212",
        },
        "DBInstanceClass": "db.t3.medium",
        "Engine": "aurora-mysql",
        "PromotionTier": 0,
        "PubliclyAccessible": false,
      },
      "Type": "AWS::RDS::DBInstance",
      "UpdateReplacePolicy": "Delete",
    },
    "BastionHost30F9ED05": {
      "DependsOn": [
        "BastionHostInstanceRoleDefaultPolicy17347525",
        "BastionHostInstanceRoleDD3FA5F1",
      ],
      "Properties": {
        "AvailabilityZone": {
          "Fn::Select": [
            0,
            {
              "Fn::GetAZs": "",
            },
          ],
        },
        "IamInstanceProfile": {
          "Ref": "BastionHostInstanceProfile770FCA07",
        },
        "ImageId": {
          "Ref": "SsmParameterValueawsserviceamiamazonlinuxlatestamzn2amikernel510hvmx8664gp2C96584B6F00A464EAD1953AFF4B05118Parameter",
        },
        "InstanceType": "t3.nano",
        "SecurityGroupIds": [
          {
            "Fn::GetAtt": [
              "BastionHostInstanceSecurityGroupE75D4274",
              "GroupId",
            ],
          },
        ],
        "SubnetId": {
          "Ref": "VpcPrivateSubnet1Subnet536B997A",
        },
        "Tags": [
          {
            "Key": "Name",
            "Value": "BastionHost",
          },
        ],
        "UserData": {
          "Fn::Base64": "#!/bin/bash",
        },
      },
      "Type": "AWS::EC2::Instance",
    },
    "BastionHostInstanceProfile770FCA07": {
      "Properties": {
        "Roles": [
          {
            "Ref": "BastionHostInstanceRoleDD3FA5F1",
          },
        ],
      },
      "Type": "AWS::IAM::InstanceProfile",
    },
    "BastionHostInstanceRoleDD3FA5F1": {
      "Properties": {
        "AssumeRolePolicyDocument": {
          "Statement": [
            {
              "Action": "sts:AssumeRole",
              "Effect": "Allow",
              "Principal": {
                "Service": "ec2.amazonaws.com",
              },
            },
          ],
          "Version": "2012-10-17",
        },
        "Tags": [
          {
            "Key": "Name",
            "Value": "BastionHost",
          },
        ],
      },
      "Type": "AWS::IAM::Role",
    },
    "BastionHostInstanceRoleDefaultPolicy17347525": {
      "Properties": {
        "PolicyDocument": {
          "Statement": [
            {
              "Action": [
                "ssmmessages:*",
                "ssm:UpdateInstanceInformation",
                "ec2messages:*",
              ],
              "Effect": "Allow",
              "Resource": "*",
            },
          ],
          "Version": "2012-10-17",
        },
        "PolicyName": "BastionHostInstanceRoleDefaultPolicy17347525",
        "Roles": [
          {
            "Ref": "BastionHostInstanceRoleDD3FA5F1",
          },
        ],
      },
      "Type": "AWS::IAM::Policy",
    },
    "BastionHostInstanceSecurityGroupE75D4274": {
      "Properties": {
        "GroupDescription": "Target/BastionHost/Resource/InstanceSecurityGroup",
        "SecurityGroupEgress": [
          {
            "CidrIp": "0.0.0.0/0",
            "Description": "Allow all outbound traffic by default",
            "IpProtocol": "-1",
          },
        ],
        "Tags": [
          {
            "Key": "Name",
            "Value": "BastionHost",
          },
        ],
        "VpcId": {
          "Ref": "Vpc8378EB38",
        },
      },
      "Type": "AWS::EC2::SecurityGroup",
    },
    "CognitoGrafanaAdminGroup384FCFDE": {
      "Properties": {
        "GroupName": "grafana-admin",
        "UserPoolId": {
          "Ref": "CognitoUserPool279BBD48",
        },
      },
      "Type": "AWS::Cognito::UserPoolGroup",
    },
    "CognitoGrafanaEditorGroup76E1F822": {
      "Properties": {
        "GroupName": "grafana-editor",
        "UserPoolId": {
          "Ref": "CognitoUserPool279BBD48",
        },
      },
      "Type": "AWS::Cognito::UserPoolGroup",
    },
    "CognitoUserPool279BBD48": {
      "DeletionPolicy": "Delete",
      "Properties": {
        "AccountRecoverySetting": {
          "RecoveryMechanisms": [
            {
              "Name": "verified_email",
              "Priority": 1,
            },
          ],
        },
        "AdminCreateUserConfig": {
          "AllowAdminCreateUserOnly": true,
        },
        "AutoVerifiedAttributes": [
          "email",
        ],
        "DeletionProtection": "INACTIVE",
        "DeviceConfiguration": {
          "ChallengeRequiredOnNewDevice": true,
          "DeviceOnlyRememberedOnUserPrompt": true,
        },
        "EmailConfiguration": {
          "EmailSendingAccount": "COGNITO_DEFAULT",
        },
        "EmailVerificationMessage": "The verification code to your new account is {####}",
        "EmailVerificationSubject": "Verify your new account",
        "Policies": {
          "PasswordPolicy": {
            "MinimumLength": 8,
            "RequireLowercase": false,
            "RequireNumbers": false,
            "RequireSymbols": false,
            "RequireUppercase": false,
            "TemporaryPasswordValidityDays": 7,
          },
        },
        "SmsVerificationMessage": "The verification code to your new account is {####}",
        "UsernameAttributes": [
          "email",
        ],
        "VerificationMessageTemplate": {
          "DefaultEmailOption": "CONFIRM_WITH_CODE",
          "EmailMessage": "The verification code to your new account is {####}",
          "EmailSubject": "Verify your new account",
          "SmsMessage": "The verification code to your new account is {####}",
        },
      },
      "Type": "AWS::Cognito::UserPool",
      "UpdateReplacePolicy": "Delete",
    },
    "CognitoUserPoolUserPoolClient1E6BF456": {
      "Properties": {
        "AccessTokenValidity": 60,
        "AllowedOAuthFlows": [
          "code",
        ],
        "AllowedOAuthFlowsUserPoolClient": true,
        "AllowedOAuthScopes": [
          "openid",
          "email",
          "profile",
          "aws.cognito.signin.user.admin",
        ],
        "CallbackURLs": [
          "http://localhost:5173/",
        ],
        "ClientName": "test-prefixApplication",
        "ExplicitAuthFlows": [
          "ALLOW_USER_PASSWORD_AUTH",
          "ALLOW_ADMIN_USER_PASSWORD_AUTH",
          "ALLOW_REFRESH_TOKEN_AUTH",
        ],
        "GenerateSecret": false,
        "IdTokenValidity": 60,
        "LogoutURLs": [
          "http://localhost:5173/",
        ],
        "PreventUserExistenceErrors": "ENABLED",
        "RefreshTokenValidity": 1440,
        "SupportedIdentityProviders": [
          "COGNITO",
        ],
        "TokenValidityUnits": {
          "AccessToken": "minutes",
          "IdToken": "minutes",
          "RefreshToken": "minutes",
        },
        "UserPoolId": {
          "Ref": "CognitoUserPool279BBD48",
        },
      },
      "Type": "AWS::Cognito::UserPoolClient",
    },
    "CognitoUserPoolUserPoolClientGrafanaABD36960": {
      "Properties": {
        "AccessTokenValidity": 60,
        "AllowedOAuthFlows": [
          "code",
        ],
        "AllowedOAuthFlowsUserPoolClient": true,
        "AllowedOAuthScopes": [
          "openid",
          "email",
          "profile",
          "aws.cognito.signin.user.admin",
        ],
        "CallbackURLs": [
          "http://localhost:3000/login/generic_oauth",
        ],
        "ClientName": "test-prefixGrafana",
        "ExplicitAuthFlows": [
          "ALLOW_USER_PASSWORD_AUTH",
          "ALLOW_ADMIN_USER_PASSWORD_AUTH",
          "ALLOW_REFRESH_TOKEN_AUTH",
        ],
        "GenerateSecret": true,
        "IdTokenValidity": 60,
        "LogoutURLs": [
          "http://localhost:3000/login",
        ],
        "PreventUserExistenceErrors": "ENABLED",
        "RefreshTokenValidity": 1440,
        "SupportedIdentityProviders": [
          "COGNITO",
        ],
        "TokenValidityUnits": {
          "AccessToken": "minutes",
          "IdToken": "minutes",
          "RefreshToken": "minutes",
        },
        "UserPoolId": {
          "Ref": "CognitoUserPool279BBD48",
        },
      },
      "Type": "AWS::Cognito::UserPoolClient",
    },
    "CognitoUserPoolUserPoolDomainC12FFA2B": {
      "Properties": {
        "Domain": "yamatatsu-grafana",
        "UserPoolId": {
          "Ref": "CognitoUserPool279BBD48",
        },
      },
      "Type": "AWS::Cognito::UserPoolDomain",
    },
    "TargetAuroraSecret852055C73fdaad7efa858a3daf9490cf0a702aeb": {
      "DeletionPolicy": "Delete",
      "Properties": {
        "Description": {
          "Fn::Join": [
            "",
            [
              "Generated by the CDK for stack: ",
              {
                "Ref": "AWS::StackName",
              },
            ],
          ],
        },
        "GenerateSecretString": {
          "ExcludeCharacters": " %+~\`#$&*()|[]{}:;<>?!'/@"\\",
          "GenerateStringKey": "password",
          "PasswordLength": 30,
          "SecretStringTemplate": "{"username":"admin"}",
        },
      },
      "Type": "AWS::SecretsManager::Secret",
      "UpdateReplacePolicy": "Delete",
    },
    "Targetauroraparametersgroup8C918D0B": {
      "Properties": {
        "Description": "Cluster parameter group for aurora-mysql8.0",
        "Family": "aurora-mysql8.0",
        "Parameters": {
          "character_set_client": "utf8mb4",
          "character_set_server": "utf8mb4",
          "server_audit_events": "CONNECT,QUERY,TABLE",
          "server_audit_logging": "1",
        },
      },
      "Type": "AWS::RDS::DBClusterParameterGroup",
    },
    "Vpc8378EB38": {
      "Properties": {
        "CidrBlock": "10.0.0.0/16",
        "EnableDnsHostnames": true,
        "EnableDnsSupport": true,
        "InstanceTenancy": "default",
        "Tags": [
          {
            "Key": "Name",
            "Value": "Target/Vpc",
          },
        ],
      },
      "Type": "AWS::EC2::VPC",
    },
    "VpcIGWD7BA715C": {
      "Properties": {
        "Tags": [
          {
            "Key": "Name",
            "Value": "Target/Vpc",
          },
        ],
      },
      "Type": "AWS::EC2::InternetGateway",
    },
    "VpcIsolatedSubnet1RouteTable4771E3E5": {
      "Properties": {
        "Tags": [
          {
            "Key": "Name",
            "Value": "Target/Vpc/IsolatedSubnet1",
          },
        ],
        "VpcId": {
          "Ref": "Vpc8378EB38",
        },
      },
      "Type": "AWS::EC2::RouteTable",
    },
    "VpcIsolatedSubnet1RouteTableAssociationD300FCBB": {
      "Properties": {
        "RouteTableId": {
          "Ref": "VpcIsolatedSubnet1RouteTable4771E3E5",
        },
        "SubnetId": {
          "Ref": "VpcIsolatedSubnet1SubnetE48C5737",
        },
      },
      "Type": "AWS::EC2::SubnetRouteTableAssociation",
    },
    "VpcIsolatedSubnet1SubnetE48C5737": {
      "Properties": {
        "AvailabilityZone": {
          "Fn::Select": [
            0,
            {
              "Fn::GetAZs": "",
            },
          ],
        },
        "CidrBlock": "10.0.4.0/24",
        "MapPublicIpOnLaunch": false,
        "Tags": [
          {
            "Key": "aws-cdk:subnet-name",
            "Value": "Isolated",
          },
          {
            "Key": "aws-cdk:subnet-type",
            "Value": "Isolated",
          },
          {
            "Key": "Name",
            "Value": "Target/Vpc/IsolatedSubnet1",
          },
        ],
        "VpcId": {
          "Ref": "Vpc8378EB38",
        },
      },
      "Type": "AWS::EC2::Subnet",
    },
    "VpcIsolatedSubnet2RouteTable1D30AF7D": {
      "Properties": {
        "Tags": [
          {
            "Key": "Name",
            "Value": "Target/Vpc/IsolatedSubnet2",
          },
        ],
        "VpcId": {
          "Ref": "Vpc8378EB38",
        },
      },
      "Type": "AWS::EC2::RouteTable",
    },
    "VpcIsolatedSubnet2RouteTableAssociationF7B18CCA": {
      "Properties": {
        "RouteTableId": {
          "Ref": "VpcIsolatedSubnet2RouteTable1D30AF7D",
        },
        "SubnetId": {
          "Ref": "VpcIsolatedSubnet2Subnet16364B91",
        },
      },
      "Type": "AWS::EC2::SubnetRouteTableAssociation",
    },
    "VpcIsolatedSubnet2Subnet16364B91": {
      "Properties": {
        "AvailabilityZone": {
          "Fn::Select": [
            1,
            {
              "Fn::GetAZs": "",
            },
          ],
        },
        "CidrBlock": "10.0.5.0/24",
        "MapPublicIpOnLaunch": false,
        "Tags": [
          {
            "Key": "aws-cdk:subnet-name",
            "Value": "Isolated",
          },
          {
            "Key": "aws-cdk:subnet-type",
            "Value": "Isolated",
          },
          {
            "Key": "Name",
            "Value": "Target/Vpc/IsolatedSubnet2",
          },
        ],
        "VpcId": {
          "Ref": "Vpc8378EB38",
        },
      },
      "Type": "AWS::EC2::Subnet",
    },
    "VpcNatSecurityGroup8DA26EDC": {
      "Properties": {
        "GroupDescription": "Security Group for NAT instances",
        "SecurityGroupEgress": [
          {
            "CidrIp": "0.0.0.0/0",
            "Description": "Allow all outbound traffic by default",
            "IpProtocol": "-1",
          },
        ],
        "Tags": [
          {
            "Key": "Name",
            "Value": "Target/Vpc",
          },
        ],
        "VpcId": {
          "Ref": "Vpc8378EB38",
        },
      },
      "Type": "AWS::EC2::SecurityGroup",
    },
    "VpcNatSecurityGroupfromTargetBastionHostInstanceSecurityGroup57B1C702ALLTRAFFIC284A957B": {
      "Properties": {
        "Description": "from TargetBastionHostInstanceSecurityGroup57B1C702:ALL TRAFFIC",
        "GroupId": {
          "Fn::GetAtt": [
            "VpcNatSecurityGroup8DA26EDC",
            "GroupId",
          ],
        },
        "IpProtocol": "-1",
        "SourceSecurityGroupId": {
          "Fn::GetAtt": [
            "BastionHostInstanceSecurityGroupE75D4274",
            "GroupId",
          ],
        },
      },
      "Type": "AWS::EC2::SecurityGroupIngress",
    },
    "VpcPrivateSubnet1DefaultRouteBE02A9ED": {
      "Properties": {
        "DestinationCidrBlock": "0.0.0.0/0",
        "InstanceId": {
          "Ref": "VpcPublicSubnet1NatInstance57B636B8",
        },
        "RouteTableId": {
          "Ref": "VpcPrivateSubnet1RouteTableB2C5B500",
        },
      },
      "Type": "AWS::EC2::Route",
    },
    "VpcPrivateSubnet1RouteTableAssociation70C59FA6": {
      "Properties": {
        "RouteTableId": {
          "Ref": "VpcPrivateSubnet1RouteTableB2C5B500",
        },
        "SubnetId": {
          "Ref": "VpcPrivateSubnet1Subnet536B997A",
        },
      },
      "Type": "AWS::EC2::SubnetRouteTableAssociation",
    },
    "VpcPrivateSubnet1RouteTableB2C5B500": {
      "Properties": {
        "Tags": [
          {
            "Key": "Name",
            "Value": "Target/Vpc/PrivateSubnet1",
          },
        ],
        "VpcId": {
          "Ref": "Vpc8378EB38",
        },
      },
      "Type": "AWS::EC2::RouteTable",
    },
    "VpcPrivateSubnet1Subnet536B997A": {
      "Properties": {
        "AvailabilityZone": {
          "Fn::Select": [
            0,
            {
              "Fn::GetAZs": "",
            },
          ],
        },
        "CidrBlock": "10.0.2.0/24",
        "MapPublicIpOnLaunch": false,
        "Tags": [
          {
            "Key": "aws-cdk:subnet-name",
            "Value": "Private",
          },
          {
            "Key": "aws-cdk:subnet-type",
            "Value": "Private",
          },
          {
            "Key": "Name",
            "Value": "Target/Vpc/PrivateSubnet1",
          },
        ],
        "VpcId": {
          "Ref": "Vpc8378EB38",
        },
      },
      "Type": "AWS::EC2::Subnet",
    },
    "VpcPrivateSubnet2DefaultRoute060D2087": {
      "Properties": {
        "DestinationCidrBlock": "0.0.0.0/0",
        "InstanceId": {
          "Ref": "VpcPublicSubnet2NatInstance746890A7",
        },
        "RouteTableId": {
          "Ref": "VpcPrivateSubnet2RouteTableA678073B",
        },
      },
      "Type": "AWS::EC2::Route",
    },
    "VpcPrivateSubnet2RouteTableA678073B": {
      "Properties": {
        "Tags": [
          {
            "Key": "Name",
            "Value": "Target/Vpc/PrivateSubnet2",
          },
        ],
        "VpcId": {
          "Ref": "Vpc8378EB38",
        },
      },
      "Type": "AWS::EC2::RouteTable",
    },
    "VpcPrivateSubnet2RouteTableAssociationA89CAD56": {
      "Properties": {
        "RouteTableId": {
          "Ref": "VpcPrivateSubnet2RouteTableA678073B",
        },
        "SubnetId": {
          "Ref": "VpcPrivateSubnet2Subnet3788AAA1",
        },
      },
      "Type": "AWS::EC2::SubnetRouteTableAssociation",
    },
    "VpcPrivateSubnet2Subnet3788AAA1": {
      "Properties": {
        "AvailabilityZone": {
          "Fn::Select": [
            1,
            {
              "Fn::GetAZs": "",
            },
          ],
        },
        "CidrBlock": "10.0.3.0/24",
        "MapPublicIpOnLaunch": false,
        "Tags": [
          {
            "Key": "aws-cdk:subnet-name",
            "Value": "Private",
          },
          {
            "Key": "aws-cdk:subnet-type",
            "Value": "Private",
          },
          {
            "Key": "Name",
            "Value": "Target/Vpc/PrivateSubnet2",
          },
        ],
        "VpcId": {
          "Ref": "Vpc8378EB38",
        },
      },
      "Type": "AWS::EC2::Subnet",
    },
    "VpcPublicSubnet1DefaultRoute3DA9E72A": {
      "DependsOn": [
        "VpcVPCGWBF912B6E",
      ],
      "Properties": {
        "DestinationCidrBlock": "0.0.0.0/0",
        "GatewayId": {
          "Ref": "VpcIGWD7BA715C",
        },
        "RouteTableId": {
          "Ref": "VpcPublicSubnet1RouteTable6C95E38E",
        },
      },
      "Type": "AWS::EC2::Route",
    },
    "VpcPublicSubnet1NatInstance57B636B8": {
      "DependsOn": [
        "VpcPublicSubnet1NatInstanceInstanceRole9D835E32",
      ],
      "Properties": {
        "AvailabilityZone": {
          "Fn::Select": [
            0,
            {
              "Fn::GetAZs": "",
            },
          ],
        },
        "IamInstanceProfile": {
          "Ref": "VpcPublicSubnet1NatInstanceInstanceProfileEE10C485",
        },
        "ImageId": {
          "Ref": "SsmParameterValueawsserviceamiamazonlinuxlatestal2023amikernel61arm64C96584B6F00A464EAD1953AFF4B05118Parameter",
        },
        "InstanceType": "t4g.nano",
        "SecurityGroupIds": [
          {
            "Fn::GetAtt": [
              "VpcNatSecurityGroup8DA26EDC",
              "GroupId",
            ],
          },
        ],
        "SourceDestCheck": false,
        "SubnetId": {
          "Ref": "VpcPublicSubnet1Subnet5C2D37C4",
        },
        "Tags": [
          {
            "Key": "Name",
            "Value": "Target/Vpc/PublicSubnet1/NatInstance",
          },
        ],
        "UserData": {
          "Fn::Base64": "#!/bin/bash
yum install iptables-services -y
systemctl enable iptables
systemctl start iptables
echo "net.ipv4.ip_forward=1" > /etc/sysctl.d/custom-ip-forwarding.conf
sudo sysctl -p /etc/sysctl.d/custom-ip-forwarding.conf
sudo /sbin/iptables -t nat -A POSTROUTING -o $(route | awk '/^default/{print $NF}') -j MASQUERADE
sudo /sbin/iptables -F FORWARD
sudo service iptables save",
        },
      },
      "Type": "AWS::EC2::Instance",
    },
    "VpcPublicSubnet1NatInstanceInstanceProfileEE10C485": {
      "Properties": {
        "Roles": [
          {
            "Ref": "VpcPublicSubnet1NatInstanceInstanceRole9D835E32",
          },
        ],
      },
      "Type": "AWS::IAM::InstanceProfile",
    },
    "VpcPublicSubnet1NatInstanceInstanceRole9D835E32": {
      "Properties": {
        "AssumeRolePolicyDocument": {
          "Statement": [
            {
              "Action": "sts:AssumeRole",
              "Effect": "Allow",
              "Principal": {
                "Service": "ec2.amazonaws.com",
              },
            },
          ],
          "Version": "2012-10-17",
        },
        "Tags": [
          {
            "Key": "Name",
            "Value": "Target/Vpc/PublicSubnet1/NatInstance",
          },
        ],
      },
      "Type": "AWS::IAM::Role",
    },
    "VpcPublicSubnet1RouteTable6C95E38E": {
      "Properties": {
        "Tags": [
          {
            "Key": "Name",
            "Value": "Target/Vpc/PublicSubnet1",
          },
        ],
        "VpcId": {
          "Ref": "Vpc8378EB38",
        },
      },
      "Type": "AWS::EC2::RouteTable",
    },
    "VpcPublicSubnet1RouteTableAssociation97140677": {
      "Properties": {
        "RouteTableId": {
          "Ref": "VpcPublicSubnet1RouteTable6C95E38E",
        },
        "SubnetId": {
          "Ref": "VpcPublicSubnet1Subnet5C2D37C4",
        },
      },
      "Type": "AWS::EC2::SubnetRouteTableAssociation",
    },
    "VpcPublicSubnet1Subnet5C2D37C4": {
      "Properties": {
        "AvailabilityZone": {
          "Fn::Select": [
            0,
            {
              "Fn::GetAZs": "",
            },
          ],
        },
        "CidrBlock": "10.0.0.0/24",
        "MapPublicIpOnLaunch": true,
        "Tags": [
          {
            "Key": "aws-cdk:subnet-name",
            "Value": "Public",
          },
          {
            "Key": "aws-cdk:subnet-type",
            "Value": "Public",
          },
          {
            "Key": "Name",
            "Value": "Target/Vpc/PublicSubnet1",
          },
        ],
        "VpcId": {
          "Ref": "Vpc8378EB38",
        },
      },
      "Type": "AWS::EC2::Subnet",
    },
    "VpcPublicSubnet2DefaultRoute97F91067": {
      "DependsOn": [
        "VpcVPCGWBF912B6E",
      ],
      "Properties": {
        "DestinationCidrBlock": "0.0.0.0/0",
        "GatewayId": {
          "Ref": "VpcIGWD7BA715C",
        },
        "RouteTableId": {
          "Ref": "VpcPublicSubnet2RouteTable94F7E489",
        },
      },
      "Type": "AWS::EC2::Route",
    },
    "VpcPublicSubnet2NatInstance746890A7": {
      "DependsOn": [
        "VpcPublicSubnet2NatInstanceInstanceRoleB3D21235",
      ],
      "Properties": {
        "AvailabilityZone": {
          "Fn::Select": [
            1,
            {
              "Fn::GetAZs": "",
            },
          ],
        },
        "IamInstanceProfile": {
          "Ref": "VpcPublicSubnet2NatInstanceInstanceProfile549888F0",
        },
        "ImageId": {
          "Ref": "SsmParameterValueawsserviceamiamazonlinuxlatestal2023amikernel61arm64C96584B6F00A464EAD1953AFF4B05118Parameter",
        },
        "InstanceType": "t4g.nano",
        "SecurityGroupIds": [
          {
            "Fn::GetAtt": [
              "VpcNatSecurityGroup8DA26EDC",
              "GroupId",
            ],
          },
        ],
        "SourceDestCheck": false,
        "SubnetId": {
          "Ref": "VpcPublicSubnet2Subnet691E08A3",
        },
        "Tags": [
          {
            "Key": "Name",
            "Value": "Target/Vpc/PublicSubnet2/NatInstance",
          },
        ],
        "UserData": {
          "Fn::Base64": "#!/bin/bash
yum install iptables-services -y
systemctl enable iptables
systemctl start iptables
echo "net.ipv4.ip_forward=1" > /etc/sysctl.d/custom-ip-forwarding.conf
sudo sysctl -p /etc/sysctl.d/custom-ip-forwarding.conf
sudo /sbin/iptables -t nat -A POSTROUTING -o $(route | awk '/^default/{print $NF}') -j MASQUERADE
sudo /sbin/iptables -F FORWARD
sudo service iptables save",
        },
      },
      "Type": "AWS::EC2::Instance",
    },
    "VpcPublicSubnet2NatInstanceInstanceProfile549888F0": {
      "Properties": {
        "Roles": [
          {
            "Ref": "VpcPublicSubnet2NatInstanceInstanceRoleB3D21235",
          },
        ],
      },
      "Type": "AWS::IAM::InstanceProfile",
    },
    "VpcPublicSubnet2NatInstanceInstanceRoleB3D21235": {
      "Properties": {
        "AssumeRolePolicyDocument": {
          "Statement": [
            {
              "Action": "sts:AssumeRole",
              "Effect": "Allow",
              "Principal": {
                "Service": "ec2.amazonaws.com",
              },
            },
          ],
          "Version": "2012-10-17",
        },
        "Tags": [
          {
            "Key": "Name",
            "Value": "Target/Vpc/PublicSubnet2/NatInstance",
          },
        ],
      },
      "Type": "AWS::IAM::Role",
    },
    "VpcPublicSubnet2RouteTable94F7E489": {
      "Properties": {
        "Tags": [
          {
            "Key": "Name",
            "Value": "Target/Vpc/PublicSubnet2",
          },
        ],
        "VpcId": {
          "Ref": "Vpc8378EB38",
        },
      },
      "Type": "AWS::EC2::RouteTable",
    },
    "VpcPublicSubnet2RouteTableAssociationDD5762D8": {
      "Properties": {
        "RouteTableId": {
          "Ref": "VpcPublicSubnet2RouteTable94F7E489",
        },
        "SubnetId": {
          "Ref": "VpcPublicSubnet2Subnet691E08A3",
        },
      },
      "Type": "AWS::EC2::SubnetRouteTableAssociation",
    },
    "VpcPublicSubnet2Subnet691E08A3": {
      "Properties": {
        "AvailabilityZone": {
          "Fn::Select": [
            1,
            {
              "Fn::GetAZs": "",
            },
          ],
        },
        "CidrBlock": "10.0.1.0/24",
        "MapPublicIpOnLaunch": true,
        "Tags": [
          {
            "Key": "aws-cdk:subnet-name",
            "Value": "Public",
          },
          {
            "Key": "aws-cdk:subnet-type",
            "Value": "Public",
          },
          {
            "Key": "Name",
            "Value": "Target/Vpc/PublicSubnet2",
          },
        ],
        "VpcId": {
          "Ref": "Vpc8378EB38",
        },
      },
      "Type": "AWS::EC2::Subnet",
    },
    "VpcTargetS3EndpointForPrivate96E32ED1": {
      "Properties": {
        "RouteTableIds": [
          {
            "Ref": "VpcPrivateSubnet1RouteTableB2C5B500",
          },
          {
            "Ref": "VpcPrivateSubnet2RouteTableA678073B",
          },
        ],
        "ServiceName": {
          "Fn::Join": [
            "",
            [
              "com.amazonaws.",
              {
                "Ref": "AWS::Region",
              },
              ".s3",
            ],
          ],
        },
        "VpcEndpointType": "Gateway",
        "VpcId": {
          "Ref": "Vpc8378EB38",
        },
      },
      "Type": "AWS::EC2::VPCEndpoint",
    },
    "VpcVPCGWBF912B6E": {
      "Properties": {
        "InternetGatewayId": {
          "Ref": "VpcIGWD7BA715C",
        },
        "VpcId": {
          "Ref": "Vpc8378EB38",
        },
      },
      "Type": "AWS::EC2::VPCGatewayAttachment",
    },
  },
  "Rules": {
    "CheckBootstrapVersion": {
      "Assertions": [
        {
          "Assert": {
            "Fn::Not": [
              {
                "Fn::Contains": [
                  [
                    "1",
                    "2",
                    "3",
                    "4",
                    "5",
                  ],
                  {
                    "Ref": "BootstrapVersion",
                  },
                ],
              },
            ],
          },
          "AssertDescription": "CDK bootstrap stack version 6 required. Please run 'cdk bootstrap' with a recent version of the CDK CLI.",
        },
      ],
    },
  },
}
`;
